
  .   ____          _            __ _ _
 /\\ / ___'_ __ _ _(_)_ __  __ _ \ \ \ \
( ( )\___ | '_ | '_| | '_ \/ _` | \ \ \ \
 \\/  ___)| |_)| | | | | || (_| |  ) ) ) )
  '  |____| .__|_| |_|_| |_\__, | / / / /
 =========|_|==============|___/=/_/_/_/

 :: Spring Boot ::                (v4.0.8)

2026-09-16T21:37:20.389+05:30  INFO 25132 --- [lost_item_service] [           main] c.l.l.LostItemServiceApplication         : Starting LostItemServiceApplication v0.0.1-SNAPSHOT using Java 21.0.11 with PID 25132 (C:\Users\arun.m\Desktop\LOST-FOUND-PROJECT\LOST-FOUND\lost_item_service\target\lost_item_service-0.0.1-SNAPSHOT.jar started by arun.m in c:\Users\arun.m\Desktop\LOST-FOUND-PROJECT\LOST-FOUND\lost_item_service\target)
2026-09-16T21:37:20.396+05:30  INFO 25132 --- [lost_item_service] [           main] c.l.l.LostItemServiceApplication         : No active profile set, falling back to 1 default profile: "default"
2026-09-16T21:37:22.149+05:30  INFO 25132 --- [lost_item_service] [           main] .s.d.r.c.RepositoryConfigurationDelegate : Bootstrapping Spring Data JPA repositories in DEFAULT mode.
2026-09-16T21:37:22.317+05:30  INFO 25132 --- [lost_item_service] [           main] .s.d.r.c.RepositoryConfigurationDelegate : Finished Spring Data repository scanning in 143 ms. Found 1 JPA repository interface.
2026-09-16T21:37:23.960+05:30  INFO 25132 --- [lost_item_service] [           main] o.s.boot.tomcat.TomcatWebServer          : Tomcat initialized with port 8082 (http)
2026-09-16T21:37:23.995+05:30  INFO 25132 --- [lost_item_service] [           main] o.apache.catalina.core.StandardService   : Starting service [Tomcat]
2026-09-16T21:37:23.995+05:30  INFO 25132 --- [lost_item_service] [           main] o.apache.catalina.core.StandardEngine    : Starting Servlet engine: [Apache Tomcat/11.0.24]
2026-09-16T21:37:24.075+05:30  INFO 25132 --- [lost_item_service] [           main] b.w.c.s.WebApplicationContextInitializer : Root WebApplicationContext: initialization completed in 3552 ms
2026-09-16T21:37:24.521+05:30  INFO 25132 --- [lost_item_service] [           main] org.hibernate.orm.jpa                    : HHH008540: Processing PersistenceUnitInfo [name: default]
2026-09-16T21:37:24.685+05:30  INFO 25132 --- [lost_item_service] [           main] org.hibernate.orm.core                   : HHH000001: Hibernate ORM core version 7.2.24.Final
2026-09-16T21:37:26.271+05:30  INFO 25132 --- [lost_item_service] [           main] o.s.o.j.p.SpringPersistenceUnitInfo      : No LoadTimeWeaver setup: ignoring JPA class transformer
2026-09-16T21:37:26.320+05:30  INFO 25132 --- [lost_item_service] [           main] com.zaxxer.hikari.HikariDataSource       : HikariPool-1 - Starting...
2026-09-16T21:37:26.753+05:30  INFO 25132 --- [lost_item_service] [           main] com.zaxxer.hikari.pool.HikariPool        : HikariPool-1 - Added connection org.postgresql.jdbc.PgConnection@a0e33db
2026-09-16T21:37:26.756+05:30  INFO 25132 --- [lost_item_service] [           main] com.zaxxer.hikari.HikariDataSource       : HikariPool-1 - Start completed.
2026-09-16T21:37:26.871+05:30  WARN 25132 --- [lost_item_service] [           main] org.hibernate.orm.deprecation            : HHH90000025: PostgreSQLDialect does not need to be specified explicitly using 'hibernate.dialect' (remove the property setting and it will be selected by default)
2026-09-16T21:37:26.965+05:30  INFO 25132 --- [lost_item_service] [           main] org.hibernate.orm.connections.pooling    : HHH10001005: Database info:
	Database JDBC URL [jdbc:postgresql://localhost:5432/lost_found_db]
	Database driver: PostgreSQL JDBC Driver
	Database dialect: PostgreSQLDialect
	Database version: 16.13
	Default catalog/schema: lost_found_db/public
	Autocommit mode: undefined/unknown
	Isolation level: READ_COMMITTED [default READ_COMMITTED]
	JDBC fetch size: none
	Pool: DataSourceConnectionProvider
	Minimum pool size: undefined/unknown
	Maximum pool size: undefined/unknown
2026-09-16T21:37:28.181+05:30  INFO 25132 --- [lost_item_service] [           main] org.hibernate.orm.core                   : HHH000489: No JTA platform available (set 'hibernate.transaction.jta.platform' to enable JTA platform integration)
2026-09-16T21:37:28.231+05:30  INFO 25132 --- [lost_item_service] [           main] j.LocalContainerEntityManagerFactoryBean : Initialized JPA EntityManagerFactory for persistence unit 'default'
2026-09-16T21:37:28.546+05:30  INFO 25132 --- [lost_item_service] [           main] o.s.d.j.r.query.QueryEnhancerFactories   : Hibernate is in classpath; If applicable, HQL parser will be used.
2026-09-16T21:37:28.964+05:30  WARN 25132 --- [lost_item_service] [           main] JpaBaseConfiguration$JpaWebConfiguration : spring.jpa.open-in-view is enabled by default. Therefore, database queries may be performed during view rendering. Explicitly configure spring.jpa.open-in-view to disable this warning
2026-09-16T21:37:29.114+05:30  WARN 25132 --- [lost_item_service] [           main] .s.a.UserDetailsServiceAutoConfiguration : 

Using generated security password: bb8c4989-2737-4f18-94ae-47459c5b1b4c

This generated password is for development use only. Your security configuration must be updated before running your application in production.

2026-09-16T21:37:29.148+05:30  INFO 25132 --- [lost_item_service] [           main] r$InitializeUserDetailsManagerConfigurer : Global AuthenticationManager configured with UserDetailsService bean with name inMemoryUserDetailsManager
2026-09-16T21:37:30.152+05:30  WARN 25132 --- [lost_item_service] [           main] ConfigServletWebServerApplicationContext : Exception encountered during context initialization - cancelling refresh attempt: org.springframework.context.ApplicationContextException: Failed to start bean 'webServerStartStop'
2026-09-16T21:37:30.152+05:30  INFO 25132 --- [lost_item_service] [           main] j.LocalContainerEntityManagerFactoryBean : Closing JPA EntityManagerFactory for persistence unit 'default'
2026-09-16T21:37:30.165+05:30  INFO 25132 --- [lost_item_service] [           main] com.zaxxer.hikari.HikariDataSource       : HikariPool-1 - Shutdown initiated...
2026-09-16T21:37:30.165+05:30  INFO 25132 --- [lost_item_service] [           main] com.zaxxer.hikari.HikariDataSource       : HikariPool-1 - Shutdown completed.
2026-09-16T21:37:30.199+05:30  INFO 25132 --- [lost_item_service] [           main] .s.b.a.l.ConditionEvaluationReportLogger : 

Error starting ApplicationContext. To display the condition evaluation report re-run your application with 'debug' enabled.
2026-09-16T21:37:30.234+05:30 ERROR 25132 --- [lost_item_service] [           main] o.s.b.d.LoggingFailureAnalysisReporter   : 

***************************
APPLICATION FAILED TO START
***************************

Description:

Web server failed to start. Port 8082 was already in use.

Action:

Identify and stop the process that's listening on port 8082 or configure this application to listen on another port.

