
  .   ____          _            __ _ _
 /\\ / ___'_ __ _ _(_)_ __  __ _ \ \ \ \
( ( )\___ | '_ | '_| | '_ \/ _` | \ \ \ \
 \\/  ___)| |_)| | | | | || (_| |  ) ) ) )
  '  |____| .__|_| |_|_| |_\__, | / / / /
 =========|_|==============|___/=/_/_/_/

 :: Spring Boot ::                (v4.0.8)

2026-09-16T22:01:21.164+05:30  INFO 30976 --- [lost_item_service] [           main] c.l.l.LostItemServiceApplication         : Starting LostItemServiceApplication v0.0.1-SNAPSHOT using Java 21.0.11 with PID 30976 (C:\Users\arun.m\Desktop\LOST-FOUND-PROJECT\LOST-FOUND\lost_item_service\target\lost_item_service-0.0.1-SNAPSHOT.jar started by arun.m in c:\Users\arun.m\Desktop\LOST-FOUND-PROJECT\LOST-FOUND\lost_item_service\target)
2026-09-16T22:01:21.174+05:30  INFO 30976 --- [lost_item_service] [           main] c.l.l.LostItemServiceApplication         : No active profile set, falling back to 1 default profile: "default"
2026-09-16T22:01:22.973+05:30  INFO 30976 --- [lost_item_service] [           main] .s.d.r.c.RepositoryConfigurationDelegate : Bootstrapping Spring Data JPA repositories in DEFAULT mode.
2026-09-16T22:01:23.049+05:30  INFO 30976 --- [lost_item_service] [           main] .s.d.r.c.RepositoryConfigurationDelegate : Finished Spring Data repository scanning in 58 ms. Found 1 JPA repository interface.
2026-09-16T22:01:24.269+05:30  INFO 30976 --- [lost_item_service] [           main] o.s.boot.tomcat.TomcatWebServer          : Tomcat initialized with port 8082 (http)
2026-09-16T22:01:24.301+05:30  INFO 30976 --- [lost_item_service] [           main] o.apache.catalina.core.StandardService   : Starting service [Tomcat]
2026-09-16T22:01:24.301+05:30  INFO 30976 --- [lost_item_service] [           main] o.apache.catalina.core.StandardEngine    : Starting Servlet engine: [Apache Tomcat/11.0.24]
2026-09-16T22:01:24.368+05:30  INFO 30976 --- [lost_item_service] [           main] b.w.c.s.WebApplicationContextInitializer : Root WebApplicationContext: initialization completed in 3079 ms
2026-09-16T22:01:24.713+05:30  INFO 30976 --- [lost_item_service] [           main] org.hibernate.orm.jpa                    : HHH008540: Processing PersistenceUnitInfo [name: default]
2026-09-16T22:01:24.820+05:30  INFO 30976 --- [lost_item_service] [           main] org.hibernate.orm.core                   : HHH000001: Hibernate ORM core version 7.2.24.Final
2026-09-16T22:01:25.670+05:30  INFO 30976 --- [lost_item_service] [           main] o.s.o.j.p.SpringPersistenceUnitInfo      : No LoadTimeWeaver setup: ignoring JPA class transformer
2026-09-16T22:01:25.713+05:30  INFO 30976 --- [lost_item_service] [           main] com.zaxxer.hikari.HikariDataSource       : HikariPool-1 - Starting...
2026-09-16T22:01:26.079+05:30  INFO 30976 --- [lost_item_service] [           main] com.zaxxer.hikari.pool.HikariPool        : HikariPool-1 - Added connection org.postgresql.jdbc.PgConnection@4d174189
2026-09-16T22:01:26.083+05:30  INFO 30976 --- [lost_item_service] [           main] com.zaxxer.hikari.HikariDataSource       : HikariPool-1 - Start completed.
2026-09-16T22:01:26.150+05:30  WARN 30976 --- [lost_item_service] [           main] org.hibernate.orm.deprecation            : HHH90000025: PostgreSQLDialect does not need to be specified explicitly using 'hibernate.dialect' (remove the property setting and it will be selected by default)
2026-09-16T22:01:26.213+05:30  INFO 30976 --- [lost_item_service] [           main] org.hibernate.orm.connections.pooling    : HHH10001005: Database info:
	Database JDBC URL [jdbc:postgresql://localhost:5432/lost_found_db]
	Database driver: PostgreSQL JDBC Driver
	Database dialect: PostgreSQLDialect
	Database version: 16.13
	Default catalog/schema: lost_found_db/public
	Autocommit mode: undefined/unknown
	Isolation level: READ_COMMITTED [default READ_COMMITTED]
	JDBC fetch size: none
	Pool: DataSourceConnectionProvider
	Minimum pool size: undefined/unknown
	Maximum pool size: undefined/unknown
2026-09-16T22:01:27.787+05:30  INFO 30976 --- [lost_item_service] [           main] org.hibernate.orm.core                   : HHH000489: No JTA platform available (set 'hibernate.transaction.jta.platform' to enable JTA platform integration)
2026-09-16T22:01:27.869+05:30  INFO 30976 --- [lost_item_service] [           main] j.LocalContainerEntityManagerFactoryBean : Initialized JPA EntityManagerFactory for persistence unit 'default'
2026-09-16T22:01:28.335+05:30  INFO 30976 --- [lost_item_service] [           main] o.s.d.j.r.query.QueryEnhancerFactories   : Hibernate is in classpath; If applicable, HQL parser will be used.
2026-09-16T22:01:28.759+05:30  WARN 30976 --- [lost_item_service] [           main] JpaBaseConfiguration$JpaWebConfiguration : spring.jpa.open-in-view is enabled by default. Therefore, database queries may be performed during view rendering. Explicitly configure spring.jpa.open-in-view to disable this warning
2026-09-16T22:01:28.938+05:30  WARN 30976 --- [lost_item_service] [           main] .s.a.UserDetailsServiceAutoConfiguration : 

Using generated security password: 17518e8e-bd18-4a2c-adac-ee9eaf64fdf3

This generated password is for development use only. Your security configuration must be updated before running your application in production.

2026-09-16T22:01:28.959+05:30  INFO 30976 --- [lost_item_service] [           main] r$InitializeUserDetailsManagerConfigurer : Global AuthenticationManager configured with UserDetailsService bean with name inMemoryUserDetailsManager
2026-09-16T22:01:30.252+05:30  INFO 30976 --- [lost_item_service] [           main] o.s.boot.tomcat.TomcatWebServer          : Tomcat started on port 8082 (http) with context path '/'
2026-09-16T22:01:30.284+05:30  INFO 30976 --- [lost_item_service] [           main] c.l.l.LostItemServiceApplication         : Started LostItemServiceApplication in 9.883 seconds (process running for 10.893)
2026-09-16T22:02:14.177+05:30  INFO 30976 --- [lost_item_service] [nio-8082-exec-1] o.a.c.c.C.[Tomcat].[localhost].[/]       : Initializing Spring DispatcherServlet 'dispatcherServlet'
2026-09-16T22:02:14.180+05:30  INFO 30976 --- [lost_item_service] [nio-8082-exec-1] o.s.web.servlet.DispatcherServlet        : Initializing Servlet 'dispatcherServlet'
2026-09-16T22:02:14.187+05:30  INFO 30976 --- [lost_item_service] [nio-8082-exec-1] o.s.web.servlet.DispatcherServlet        : Completed initialization in 7 ms
JWT EMAIL = arunmn55@gmail.com
JWT ROLE = USER
Hibernate: 
    insert 
    into
        lost_items
        (category, description, image_public_id, image_url, item_name, location, lost_date, status, user_id) 
    values
        (?, ?, ?, ?, ?, ?, ?, ?, ?)
JWT EMAIL = arunmn55@gmail.com
JWT ROLE = USER
Hibernate: 
    select
        li1_0.id,
        li1_0.category,
        li1_0.description,
        li1_0.image_public_id,
        li1_0.image_url,
        li1_0.item_name,
        li1_0.location,
        li1_0.lost_date,
        li1_0.status,
        li1_0.user_id 
    from
        lost_items li1_0
JWT EMAIL = arunmn55@gmail.com
JWT ROLE = USER
Hibernate: 
    select
        li1_0.id,
        li1_0.category,
        li1_0.description,
        li1_0.image_public_id,
        li1_0.image_url,
        li1_0.item_name,
        li1_0.location,
        li1_0.lost_date,
        li1_0.status,
        li1_0.user_id 
    from
        lost_items li1_0
JWT EMAIL = arunmn55@gmail.com
JWT ROLE = USER
JWT EMAIL = arunmn55@gmail.com
JWT ROLE = USER
Hibernate: 
    select
        li1_0.id,
        li1_0.category,
        li1_0.description,
        li1_0.image_public_id,
        li1_0.image_url,
        li1_0.item_name,
        li1_0.location,
        li1_0.lost_date,
        li1_0.status,
        li1_0.user_id 
    from
        lost_items li1_0 
    where
        li1_0.id=?
Hibernate: 
    select
        li1_0.id,
        li1_0.category,
        li1_0.description,
        li1_0.image_public_id,
        li1_0.image_url,
        li1_0.item_name,
        li1_0.location,
        li1_0.lost_date,
        li1_0.status,
        li1_0.user_id 
    from
        lost_items li1_0 
    where
        li1_0.id=?
JWT EMAIL = arunmn55@gmail.com
JWT ROLE = USER
Hibernate: 
    select
        li1_0.id,
        li1_0.category,
        li1_0.description,
        li1_0.image_public_id,
        li1_0.image_url,
        li1_0.item_name,
        li1_0.location,
        li1_0.lost_date,
        li1_0.status,
        li1_0.user_id 
    from
        lost_items li1_0 
    where
        li1_0.id=?
JWT EMAIL = arunmn55@gmail.com
JWT ROLE = USER
Hibernate: 
    select
        li1_0.id,
        li1_0.category,
        li1_0.description,
        li1_0.image_public_id,
        li1_0.image_url,
        li1_0.item_name,
        li1_0.location,
        li1_0.lost_date,
        li1_0.status,
        li1_0.user_id 
    from
        lost_items li1_0 
    where
        li1_0.id=?
JWT EMAIL = arunmn55@gmail.com
JWT ROLE = USER
Hibernate: 
    select
        li1_0.id,
        li1_0.category,
        li1_0.description,
        li1_0.image_public_id,
        li1_0.image_url,
        li1_0.item_name,
        li1_0.location,
        li1_0.lost_date,
        li1_0.status,
        li1_0.user_id 
    from
        lost_items li1_0 
    where
        li1_0.id=?
JWT EMAIL = arunmn55@gmail.com
JWT ROLE = USER
Hibernate: 
    select
        li1_0.id,
        li1_0.category,
        li1_0.description,
        li1_0.image_public_id,
        li1_0.image_url,
        li1_0.item_name,
        li1_0.location,
        li1_0.lost_date,
        li1_0.status,
        li1_0.user_id 
    from
        lost_items li1_0 
    where
        li1_0.id=?
JWT EMAIL = arunmn55@gmail.com
JWT ROLE = USER
Hibernate: 
    select
        li1_0.id,
        li1_0.category,
        li1_0.description,
        li1_0.image_public_id,
        li1_0.image_url,
        li1_0.item_name,
        li1_0.location,
        li1_0.lost_date,
        li1_0.status,
        li1_0.user_id 
    from
        lost_items li1_0 
    where
        li1_0.id=?
JWT EMAIL = arunmn55@gmail.com
JWT ROLE = USER
Hibernate: 
    select
        li1_0.id,
        li1_0.category,
        li1_0.description,
        li1_0.image_public_id,
        li1_0.image_url,
        li1_0.item_name,
        li1_0.location,
        li1_0.lost_date,
        li1_0.status,
        li1_0.user_id 
    from
        lost_items li1_0 
    where
        li1_0.id=?
JWT EMAIL = arunmn55@gmail.com
JWT ROLE = USER
Hibernate: 
    select
        li1_0.id,
        li1_0.category,
        li1_0.description,
        li1_0.image_public_id,
        li1_0.image_url,
        li1_0.item_name,
        li1_0.location,
        li1_0.lost_date,
        li1_0.status,
        li1_0.user_id 
    from
        lost_items li1_0
JWT EMAIL = arunmn55@gmail.com
JWT ROLE = USER
Hibernate: 
    select
        li1_0.id,
        li1_0.category,
        li1_0.description,
        li1_0.image_public_id,
        li1_0.image_url,
        li1_0.item_name,
        li1_0.location,
        li1_0.lost_date,
        li1_0.status,
        li1_0.user_id 
    from
        lost_items li1_0
JWT EMAIL = test999@example.com
JWT ROLE = USER
Hibernate: 
    insert 
    into
        lost_items
        (category, description, image_public_id, image_url, item_name, location, lost_date, status, user_id) 
    values
        (?, ?, ?, ?, ?, ?, ?, ?, ?)
JWT EMAIL = arunmn55@gmail.com
JWT ROLE = USER
Hibernate: 
    select
        li1_0.id,
        li1_0.category,
        li1_0.description,
        li1_0.image_public_id,
        li1_0.image_url,
        li1_0.item_name,
        li1_0.location,
        li1_0.lost_date,
        li1_0.status,
        li1_0.user_id 
    from
        lost_items li1_0
JWT EMAIL = arunmn55@gmail.com
JWT ROLE = USER
Hibernate: 
    select
        li1_0.id,
        li1_0.category,
        li1_0.description,
        li1_0.image_public_id,
        li1_0.image_url,
        li1_0.item_name,
        li1_0.location,
        li1_0.lost_date,
        li1_0.status,
        li1_0.user_id 
    from
        lost_items li1_0
JWT EMAIL = test999@example.com
JWT ROLE = USER
Hibernate: 
    insert 
    into
        lost_items
        (category, description, image_public_id, image_url, item_name, location, lost_date, status, user_id) 
    values
        (?, ?, ?, ?, ?, ?, ?, ?, ?)
JWT EMAIL = arunmn55@gmail.com
JWT ROLE = USER
Hibernate: 
    select
        li1_0.id,
        li1_0.category,
        li1_0.description,
        li1_0.image_public_id,
        li1_0.image_url,
        li1_0.item_name,
        li1_0.location,
        li1_0.lost_date,
        li1_0.status,
        li1_0.user_id 
    from
        lost_items li1_0 
    where
        li1_0.id=?
JWT EMAIL = arunmn55@gmail.com
JWT ROLE = USER
Hibernate: 
    select
        li1_0.id,
        li1_0.category,
        li1_0.description,
        li1_0.image_public_id,
        li1_0.image_url,
        li1_0.item_name,
        li1_0.location,
        li1_0.lost_date,
        li1_0.status,
        li1_0.user_id 
    from
        lost_items li1_0 
    where
        li1_0.id=?
JWT EMAIL = arunmn55@gmail.com
JWT ROLE = USER
Hibernate: 
    select
        li1_0.id,
        li1_0.category,
        li1_0.description,
        li1_0.image_public_id,
        li1_0.image_url,
        li1_0.item_name,
        li1_0.location,
        li1_0.lost_date,
        li1_0.status,
        li1_0.user_id 
    from
        lost_items li1_0 
    where
        li1_0.id=?
JWT EMAIL = arunmn55@gmail.com
JWT ROLE = USER
Hibernate: 
    select
        li1_0.id,
        li1_0.category,
        li1_0.description,
        li1_0.image_public_id,
        li1_0.image_url,
        li1_0.item_name,
        li1_0.location,
        li1_0.lost_date,
        li1_0.status,
        li1_0.user_id 
    from
        lost_items li1_0 
    where
        li1_0.id=?
JWT EMAIL = test999@example.com
JWT ROLE = USER
Hibernate: 
    select
        li1_0.id,
        li1_0.category,
        li1_0.description,
        li1_0.image_public_id,
        li1_0.image_url,
        li1_0.item_name,
        li1_0.location,
        li1_0.lost_date,
        li1_0.status,
        li1_0.user_id 
    from
        lost_items li1_0 
    where
        li1_0.id=?
Hibernate: 
    delete 
    from
        lost_items 
    where
        id=?
JWT EMAIL = arunmn55@gmail.com
JWT ROLE = USER
Hibernate: 
    select
        li1_0.id,
        li1_0.category,
        li1_0.description,
        li1_0.image_public_id,
        li1_0.image_url,
        li1_0.item_name,
        li1_0.location,
        li1_0.lost_date,
        li1_0.status,
        li1_0.user_id 
    from
        lost_items li1_0 
    where
        li1_0.id=?
JWT EMAIL = arunmn55@gmail.com
JWT ROLE = USER
Hibernate: 
    select
        li1_0.id,
        li1_0.category,
        li1_0.description,
        li1_0.image_public_id,
        li1_0.image_url,
        li1_0.item_name,
        li1_0.location,
        li1_0.lost_date,
        li1_0.status,
        li1_0.user_id 
    from
        lost_items li1_0 
    where
        li1_0.id=?
JWT EMAIL = arunmn55@gmail.com
JWT ROLE = USER
Hibernate: 
    select
        li1_0.id,
        li1_0.category,
        li1_0.description,
        li1_0.image_public_id,
        li1_0.image_url,
        li1_0.item_name,
        li1_0.location,
        li1_0.lost_date,
        li1_0.status,
        li1_0.user_id 
    from
        lost_items li1_0 
    where
        li1_0.id=?
JWT EMAIL = arunmn55@gmail.com
JWT ROLE = USER
Hibernate: 
    select
        li1_0.id,
        li1_0.category,
        li1_0.description,
        li1_0.image_public_id,
        li1_0.image_url,
        li1_0.item_name,
        li1_0.location,
        li1_0.lost_date,
        li1_0.status,
        li1_0.user_id 
    from
        lost_items li1_0 
    where
        li1_0.id=?
JWT EMAIL = test999@example.com
JWT ROLE = USER
Hibernate: 
    select
        li1_0.id,
        li1_0.category,
        li1_0.description,
        li1_0.image_public_id,
        li1_0.image_url,
        li1_0.item_name,
        li1_0.location,
        li1_0.lost_date,
        li1_0.status,
        li1_0.user_id 
    from
        lost_items li1_0 
    where
        li1_0.id=?
Hibernate: 
    delete 
    from
        lost_items 
    where
        id=?
JWT EMAIL = arunmn55@gmail.com
JWT ROLE = USER
Hibernate: 
    select
        li1_0.id,
        li1_0.category,
        li1_0.description,
        li1_0.image_public_id,
        li1_0.image_url,
        li1_0.item_name,
        li1_0.location,
        li1_0.lost_date,
        li1_0.status,
        li1_0.user_id 
    from
        lost_items li1_0
JWT EMAIL = arunmn55@gmail.com
JWT ROLE = USER
Hibernate: 
    select
        li1_0.id,
        li1_0.category,
        li1_0.description,
        li1_0.image_public_id,
        li1_0.image_url,
        li1_0.item_name,
        li1_0.location,
        li1_0.lost_date,
        li1_0.status,
        li1_0.user_id 
    from
        lost_items li1_0
JWT EMAIL = arunmn55@gmail.com
JWT ROLE = USER
Hibernate: 
    select
        li1_0.id,
        li1_0.category,
        li1_0.description,
        li1_0.image_public_id,
        li1_0.image_url,
        li1_0.item_name,
        li1_0.location,
        li1_0.lost_date,
        li1_0.status,
        li1_0.user_id 
    from
        lost_items li1_0
JWT EMAIL = arunmn55@gmail.com
JWT ROLE = USER
Hibernate: 
    select
        li1_0.id,
        li1_0.category,
        li1_0.description,
        li1_0.image_public_id,
        li1_0.image_url,
        li1_0.item_name,
        li1_0.location,
        li1_0.lost_date,
        li1_0.status,
        li1_0.user_id 
    from
        lost_items li1_0
JWT EMAIL = arunmn55@gmail.com
JWT ROLE = USER
Hibernate: 
    select
        li1_0.id,
        li1_0.category,
        li1_0.description,
        li1_0.image_public_id,
        li1_0.image_url,
        li1_0.item_name,
        li1_0.location,
        li1_0.lost_date,
        li1_0.status,
        li1_0.user_id 
    from
        lost_items li1_0
JWT EMAIL = arunmn55@gmail.com
JWT ROLE = USER
Hibernate: 
    select
        li1_0.id,
        li1_0.category,
        li1_0.description,
        li1_0.image_public_id,
        li1_0.image_url,
        li1_0.item_name,
        li1_0.location,
        li1_0.lost_date,
        li1_0.status,
        li1_0.user_id 
    from
        lost_items li1_0
JWT EMAIL = arunmn55@gmail.com
JWT ROLE = USER
Hibernate: 
    select
        li1_0.id,
        li1_0.category,
        li1_0.description,
        li1_0.image_public_id,
        li1_0.image_url,
        li1_0.item_name,
        li1_0.location,
        li1_0.lost_date,
        li1_0.status,
        li1_0.user_id 
    from
        lost_items li1_0
JWT EMAIL = arunmn55@gmail.com
JWT ROLE = USER
Hibernate: 
    select
        li1_0.id,
        li1_0.category,
        li1_0.description,
        li1_0.image_public_id,
        li1_0.image_url,
        li1_0.item_name,
        li1_0.location,
        li1_0.lost_date,
        li1_0.status,
        li1_0.user_id 
    from
        lost_items li1_0
JWT EMAIL = arunmn55@gmail.com
JWT ROLE = USER
Hibernate: 
    select
        li1_0.id,
        li1_0.category,
        li1_0.description,
        li1_0.image_public_id,
        li1_0.image_url,
        li1_0.item_name,
        li1_0.location,
        li1_0.lost_date,
        li1_0.status,
        li1_0.user_id 
    from
        lost_items li1_0
JWT EMAIL = arunmn55@gmail.com
JWT ROLE = USER
Hibernate: 
    select
        li1_0.id,
        li1_0.category,
        li1_0.description,
        li1_0.image_public_id,
        li1_0.image_url,
        li1_0.item_name,
        li1_0.location,
        li1_0.lost_date,
        li1_0.status,
        li1_0.user_id 
    from
        lost_items li1_0
JWT EMAIL = test999@example.com
JWT ROLE = USER
Hibernate: 
    insert 
    into
        lost_items
        (category, description, image_public_id, image_url, item_name, location, lost_date, status, user_id) 
    values
        (?, ?, ?, ?, ?, ?, ?, ?, ?)
JWT EMAIL = test999@example.com
JWT ROLE = USER
Hibernate: 
    select
        li1_0.id,
        li1_0.category,
        li1_0.description,
        li1_0.image_public_id,
        li1_0.image_url,
        li1_0.item_name,
        li1_0.location,
        li1_0.lost_date,
        li1_0.status,
        li1_0.user_id 
    from
        lost_items li1_0 
    where
        li1_0.id=?
JWT EMAIL = owner2@example.com
JWT ROLE = USER
Hibernate: 
    insert 
    into
        lost_items
        (category, description, image_public_id, image_url, item_name, location, lost_date, status, user_id) 
    values
        (?, ?, ?, ?, ?, ?, ?, ?, ?)
JWT EMAIL = owner2@example.com
JWT ROLE = USER
Hibernate: 
    select
        li1_0.id,
        li1_0.category,
        li1_0.description,
        li1_0.image_public_id,
        li1_0.image_url,
        li1_0.item_name,
        li1_0.location,
        li1_0.lost_date,
        li1_0.status,
        li1_0.user_id 
    from
        lost_items li1_0 
    where
        li1_0.id=?
JWT EMAIL = owner2@example.com
JWT ROLE = USER
Hibernate: 
    select
        li1_0.id,
        li1_0.category,
        li1_0.description,
        li1_0.image_public_id,
        li1_0.image_url,
        li1_0.item_name,
        li1_0.location,
        li1_0.lost_date,
        li1_0.status,
        li1_0.user_id 
    from
        lost_items li1_0 
    where
        li1_0.id=?
JWT EMAIL = test999@example.com
JWT ROLE = USER
Hibernate: 
    select
        li1_0.id,
        li1_0.category,
        li1_0.description,
        li1_0.image_public_id,
        li1_0.image_url,
        li1_0.item_name,
        li1_0.location,
        li1_0.lost_date,
        li1_0.status,
        li1_0.user_id 
    from
        lost_items li1_0 
    where
        li1_0.id=?
JWT EMAIL = owner2@example.com
JWT ROLE = USER
Hibernate: 
    insert 
    into
        lost_items
        (category, description, image_public_id, image_url, item_name, location, lost_date, status, user_id) 
    values
        (?, ?, ?, ?, ?, ?, ?, ?, ?)
JWT EMAIL = owner2@example.com
JWT ROLE = USER
Hibernate: 
    select
        li1_0.id,
        li1_0.category,
        li1_0.description,
        li1_0.image_public_id,
        li1_0.image_url,
        li1_0.item_name,
        li1_0.location,
        li1_0.lost_date,
        li1_0.status,
        li1_0.user_id 
    from
        lost_items li1_0 
    where
        li1_0.id=?
JWT EMAIL = owner2@example.com
JWT ROLE = USER
Hibernate: 
    select
        li1_0.id,
        li1_0.category,
        li1_0.description,
        li1_0.image_public_id,
        li1_0.image_url,
        li1_0.item_name,
        li1_0.location,
        li1_0.lost_date,
        li1_0.status,
        li1_0.user_id 
    from
        lost_items li1_0 
    where
        li1_0.id=?
JWT EMAIL = arunmn55@gmail.com
JWT ROLE = USER
Hibernate: 
    select
        li1_0.id,
        li1_0.category,
        li1_0.description,
        li1_0.image_public_id,
        li1_0.image_url,
        li1_0.item_name,
        li1_0.location,
        li1_0.lost_date,
        li1_0.status,
        li1_0.user_id 
    from
        lost_items li1_0
JWT EMAIL = arunmn55@gmail.com
JWT ROLE = USER
Hibernate: 
    select
        li1_0.id,
        li1_0.category,
        li1_0.description,
        li1_0.image_public_id,
        li1_0.image_url,
        li1_0.item_name,
        li1_0.location,
        li1_0.lost_date,
        li1_0.status,
        li1_0.user_id 
    from
        lost_items li1_0
JWT EMAIL = arunmn55@gmail.com
JWT ROLE = USER
Hibernate: 
    select
        li1_0.id,
        li1_0.category,
        li1_0.description,
        li1_0.image_public_id,
        li1_0.image_url,
        li1_0.item_name,
        li1_0.location,
        li1_0.lost_date,
        li1_0.status,
        li1_0.user_id 
    from
        lost_items li1_0
JWT EMAIL = arunmn55@gmail.com
JWT ROLE = USER
Hibernate: 
    select
        li1_0.id,
        li1_0.category,
        li1_0.description,
        li1_0.image_public_id,
        li1_0.image_url,
        li1_0.item_name,
        li1_0.location,
        li1_0.lost_date,
        li1_0.status,
        li1_0.user_id 
    from
        lost_items li1_0
JWT EMAIL = arunmn55@gmail.com
JWT ROLE = USER
Hibernate: 
    select
        li1_0.id,
        li1_0.category,
        li1_0.description,
        li1_0.image_public_id,
        li1_0.image_url,
        li1_0.item_name,
        li1_0.location,
        li1_0.lost_date,
        li1_0.status,
        li1_0.user_id 
    from
        lost_items li1_0
JWT EMAIL = arunmn55@gmail.com
JWT ROLE = USER
Hibernate: 
    select
        li1_0.id,
        li1_0.category,
        li1_0.description,
        li1_0.image_public_id,
        li1_0.image_url,
        li1_0.item_name,
        li1_0.location,
        li1_0.lost_date,
        li1_0.status,
        li1_0.user_id 
    from
        lost_items li1_0
JWT EMAIL = arunmn55@gmail.com
JWT ROLE = USER
Hibernate: 
    select
        li1_0.id,
        li1_0.category,
        li1_0.description,
        li1_0.image_public_id,
        li1_0.image_url,
        li1_0.item_name,
        li1_0.location,
        li1_0.lost_date,
        li1_0.status,
        li1_0.user_id 
    from
        lost_items li1_0
JWT EMAIL = arunmn55@gmail.com
JWT ROLE = USER
Hibernate: 
    select
        li1_0.id,
        li1_0.category,
        li1_0.description,
        li1_0.image_public_id,
        li1_0.image_url,
        li1_0.item_name,
        li1_0.location,
        li1_0.lost_date,
        li1_0.status,
        li1_0.user_id 
    from
        lost_items li1_0
JWT EMAIL = arunmn55@gmail.com
JWT ROLE = USER
Hibernate: 
    select
        li1_0.id,
        li1_0.category,
        li1_0.description,
        li1_0.image_public_id,
        li1_0.image_url,
        li1_0.item_name,
        li1_0.location,
        li1_0.lost_date,
        li1_0.status,
        li1_0.user_id 
    from
        lost_items li1_0 
    where
        li1_0.id=?
JWT EMAIL = arunmn55@gmail.com
JWT ROLE = USER
Hibernate: 
    select
        li1_0.id,
        li1_0.category,
        li1_0.description,
        li1_0.image_public_id,
        li1_0.image_url,
        li1_0.item_name,
        li1_0.location,
        li1_0.lost_date,
        li1_0.status,
        li1_0.user_id 
    from
        lost_items li1_0 
    where
        li1_0.id=?
JWT EMAIL = arunmn55@gmail.com
JWT ROLE = USER
Hibernate: 
    select
        li1_0.id,
        li1_0.category,
        li1_0.description,
        li1_0.image_public_id,
        li1_0.image_url,
        li1_0.item_name,
        li1_0.location,
        li1_0.lost_date,
        li1_0.status,
        li1_0.user_id 
    from
        lost_items li1_0 
    where
        li1_0.id=?
JWT EMAIL = arunmn55@gmail.com
JWT ROLE = USER
Hibernate: 
    select
        li1_0.id,
        li1_0.category,
        li1_0.description,
        li1_0.image_public_id,
        li1_0.image_url,
        li1_0.item_name,
        li1_0.location,
        li1_0.lost_date,
        li1_0.status,
        li1_0.user_id 
    from
        lost_items li1_0 
    where
        li1_0.id=?
JWT EMAIL = arunmn55@gmail.com
JWT ROLE = USER
Hibernate: 
    select
        li1_0.id,
        li1_0.category,
        li1_0.description,
        li1_0.image_public_id,
        li1_0.image_url,
        li1_0.item_name,
        li1_0.location,
        li1_0.lost_date,
        li1_0.status,
        li1_0.user_id 
    from
        lost_items li1_0 
    where
        li1_0.id=?
JWT EMAIL = arunmn55@gmail.com
JWT ROLE = USER
Hibernate: 
    select
        li1_0.id,
        li1_0.category,
        li1_0.description,
        li1_0.image_public_id,
        li1_0.image_url,
        li1_0.item_name,
        li1_0.location,
        li1_0.lost_date,
        li1_0.status,
        li1_0.user_id 
    from
        lost_items li1_0 
    where
        li1_0.id=?
JWT EMAIL = arunmn55@gmail.com
JWT ROLE = USER
Hibernate: 
    select
        li1_0.id,
        li1_0.category,
        li1_0.description,
        li1_0.image_public_id,
        li1_0.image_url,
        li1_0.item_name,
        li1_0.location,
        li1_0.lost_date,
        li1_0.status,
        li1_0.user_id 
    from
        lost_items li1_0 
    where
        li1_0.id=?
JWT EMAIL = arunmn55@gmail.com
JWT ROLE = USER
Hibernate: 
    select
        li1_0.id,
        li1_0.category,
        li1_0.description,
        li1_0.image_public_id,
        li1_0.image_url,
        li1_0.item_name,
        li1_0.location,
        li1_0.lost_date,
        li1_0.status,
        li1_0.user_id 
    from
        lost_items li1_0 
    where
        li1_0.id=?
JWT EMAIL = arunmn55@gmail.com
JWT ROLE = USER
Hibernate: 
    select
        li1_0.id,
        li1_0.category,
        li1_0.description,
        li1_0.image_public_id,
        li1_0.image_url,
        li1_0.item_name,
        li1_0.location,
        li1_0.lost_date,
        li1_0.status,
        li1_0.user_id 
    from
        lost_items li1_0 
    where
        li1_0.id=?
JWT EMAIL = arunmn55@gmail.com
JWT ROLE = USER
Hibernate: 
    select
        li1_0.id,
        li1_0.category,
        li1_0.description,
        li1_0.image_public_id,
        li1_0.image_url,
        li1_0.item_name,
        li1_0.location,
        li1_0.lost_date,
        li1_0.status,
        li1_0.user_id 
    from
        lost_items li1_0
JWT EMAIL = arunmn55@gmail.com
JWT ROLE = USER
Hibernate: 
    select
        li1_0.id,
        li1_0.category,
        li1_0.description,
        li1_0.image_public_id,
        li1_0.image_url,
        li1_0.item_name,
        li1_0.location,
        li1_0.lost_date,
        li1_0.status,
        li1_0.user_id 
    from
        lost_items li1_0
JWT EMAIL = arunmn55@gmail.com
JWT ROLE = USER
Hibernate: 
    select
        li1_0.id,
        li1_0.category,
        li1_0.description,
        li1_0.image_public_id,
        li1_0.image_url,
        li1_0.item_name,
        li1_0.location,
        li1_0.lost_date,
        li1_0.status,
        li1_0.user_id 
    from
        lost_items li1_0
JWT EMAIL = arunmn55@gmail.com
JWT ROLE = USER
Hibernate: 
    select
        li1_0.id,
        li1_0.category,
        li1_0.description,
        li1_0.image_public_id,
        li1_0.image_url,
        li1_0.item_name,
        li1_0.location,
        li1_0.lost_date,
        li1_0.status,
        li1_0.user_id 
    from
        lost_items li1_0
JWT EMAIL = arunmn55@gmail.com
JWT ROLE = USER
Hibernate: 
    select
        li1_0.id,
        li1_0.category,
        li1_0.description,
        li1_0.image_public_id,
        li1_0.image_url,
        li1_0.item_name,
        li1_0.location,
        li1_0.lost_date,
        li1_0.status,
        li1_0.user_id 
    from
        lost_items li1_0
JWT EMAIL = arunmn55@gmail.com
JWT ROLE = USER
Hibernate: 
    select
        li1_0.id,
        li1_0.category,
        li1_0.description,
        li1_0.image_public_id,
        li1_0.image_url,
        li1_0.item_name,
        li1_0.location,
        li1_0.lost_date,
        li1_0.status,
        li1_0.user_id 
    from
        lost_items li1_0
JWT EMAIL = arunmn55@gmail.com
JWT ROLE = USER
Hibernate: 
    select
        li1_0.id,
        li1_0.category,
        li1_0.description,
        li1_0.image_public_id,
        li1_0.image_url,
        li1_0.item_name,
        li1_0.location,
        li1_0.lost_date,
        li1_0.status,
        li1_0.user_id 
    from
        lost_items li1_0
JWT EMAIL = arunmn55@gmail.com
JWT ROLE = USER
Hibernate: 
    select
        li1_0.id,
        li1_0.category,
        li1_0.description,
        li1_0.image_public_id,
        li1_0.image_url,
        li1_0.item_name,
        li1_0.location,
        li1_0.lost_date,
        li1_0.status,
        li1_0.user_id 
    from
        lost_items li1_0
JWT EMAIL = arunmn55@gmail.com
JWT ROLE = USER
Hibernate: 
    select
        li1_0.id,
        li1_0.category,
        li1_0.description,
        li1_0.image_public_id,
        li1_0.image_url,
        li1_0.item_name,
        li1_0.location,
        li1_0.lost_date,
        li1_0.status,
        li1_0.user_id 
    from
        lost_items li1_0
JWT EMAIL = arunmn55@gmail.com
JWT ROLE = USER
Hibernate: 
    select
        li1_0.id,
        li1_0.category,
        li1_0.description,
        li1_0.image_public_id,
        li1_0.image_url,
        li1_0.item_name,
        li1_0.location,
        li1_0.lost_date,
        li1_0.status,
        li1_0.user_id 
    from
        lost_items li1_0
JWT EMAIL = arunmn55@gmail.com
JWT ROLE = USER
Hibernate: 
    select
        li1_0.id,
        li1_0.category,
        li1_0.description,
        li1_0.image_public_id,
        li1_0.image_url,
        li1_0.item_name,
        li1_0.location,
        li1_0.lost_date,
        li1_0.status,
        li1_0.user_id 
    from
        lost_items li1_0
JWT EMAIL = arunmn55@gmail.com
JWT ROLE = USER
Hibernate: 
    select
        li1_0.id,
        li1_0.category,
        li1_0.description,
        li1_0.image_public_id,
        li1_0.image_url,
        li1_0.item_name,
        li1_0.location,
        li1_0.lost_date,
        li1_0.status,
        li1_0.user_id 
    from
        lost_items li1_0
JWT EMAIL = arunmn55@gmail.com
JWT ROLE = USER
Hibernate: 
    select
        li1_0.id,
        li1_0.category,
        li1_0.description,
        li1_0.image_public_id,
        li1_0.image_url,
        li1_0.item_name,
        li1_0.location,
        li1_0.lost_date,
        li1_0.status,
        li1_0.user_id 
    from
        lost_items li1_0
JWT EMAIL = arunmn55@gmail.com
JWT ROLE = USER
Hibernate: 
    select
        li1_0.id,
        li1_0.category,
        li1_0.description,
        li1_0.image_public_id,
        li1_0.image_url,
        li1_0.item_name,
        li1_0.location,
        li1_0.lost_date,
        li1_0.status,
        li1_0.user_id 
    from
        lost_items li1_0
JWT EMAIL = arunmn55@gmail.com
JWT ROLE = USER
Hibernate: 
    select
        li1_0.id,
        li1_0.category,
        li1_0.description,
        li1_0.image_public_id,
        li1_0.image_url,
        li1_0.item_name,
        li1_0.location,
        li1_0.lost_date,
        li1_0.status,
        li1_0.user_id 
    from
        lost_items li1_0
JWT EMAIL = arunmn55@gmail.com
JWT ROLE = USER
Hibernate: 
    select
        li1_0.id,
        li1_0.category,
        li1_0.description,
        li1_0.image_public_id,
        li1_0.image_url,
        li1_0.item_name,
        li1_0.location,
        li1_0.lost_date,
        li1_0.status,
        li1_0.user_id 
    from
        lost_items li1_0
JWT EMAIL = arunmn55@gmail.com
JWT ROLE = USER
Hibernate: 
    select
        li1_0.id,
        li1_0.category,
        li1_0.description,
        li1_0.image_public_id,
        li1_0.image_url,
        li1_0.item_name,
        li1_0.location,
        li1_0.lost_date,
        li1_0.status,
        li1_0.user_id 
    from
        lost_items li1_0
JWT EMAIL = arunmn55@gmail.com
JWT ROLE = USER
Hibernate: 
    select
        li1_0.id,
        li1_0.category,
        li1_0.description,
        li1_0.image_public_id,
        li1_0.image_url,
        li1_0.item_name,
        li1_0.location,
        li1_0.lost_date,
        li1_0.status,
        li1_0.user_id 
    from
        lost_items li1_0
JWT EMAIL = arunmn55@gmail.com
JWT ROLE = USER
Hibernate: 
    select
        li1_0.id,
        li1_0.category,
        li1_0.description,
        li1_0.image_public_id,
        li1_0.image_url,
        li1_0.item_name,
        li1_0.location,
        li1_0.lost_date,
        li1_0.status,
        li1_0.user_id 
    from
        lost_items li1_0
JWT EMAIL = arunmn55@gmail.com
JWT ROLE = USER
Hibernate: 
    select
        li1_0.id,
        li1_0.category,
        li1_0.description,
        li1_0.image_public_id,
        li1_0.image_url,
        li1_0.item_name,
        li1_0.location,
        li1_0.lost_date,
        li1_0.status,
        li1_0.user_id 
    from
        lost_items li1_0
JWT EMAIL = arunmn55@gmail.com
JWT ROLE = USER
Hibernate: 
    select
        li1_0.id,
        li1_0.category,
        li1_0.description,
        li1_0.image_public_id,
        li1_0.image_url,
        li1_0.item_name,
        li1_0.location,
        li1_0.lost_date,
        li1_0.status,
        li1_0.user_id 
    from
        lost_items li1_0
JWT EMAIL = arunmn55@gmail.com
JWT ROLE = USER
Hibernate: 
    select
        li1_0.id,
        li1_0.category,
        li1_0.description,
        li1_0.image_public_id,
        li1_0.image_url,
        li1_0.item_name,
        li1_0.location,
        li1_0.lost_date,
        li1_0.status,
        li1_0.user_id 
    from
        lost_items li1_0
JWT EMAIL = arunmn55@gmail.com
JWT ROLE = USER
Hibernate: 
    select
        li1_0.id,
        li1_0.category,
        li1_0.description,
        li1_0.image_public_id,
        li1_0.image_url,
        li1_0.item_name,
        li1_0.location,
        li1_0.lost_date,
        li1_0.status,
        li1_0.user_id 
    from
        lost_items li1_0
JWT EMAIL = arunmn55@gmail.com
JWT ROLE = USER
Hibernate: 
    select
        li1_0.id,
        li1_0.category,
        li1_0.description,
        li1_0.image_public_id,
        li1_0.image_url,
        li1_0.item_name,
        li1_0.location,
        li1_0.lost_date,
        li1_0.status,
        li1_0.user_id 
    from
        lost_items li1_0
JWT EMAIL = arunmn55@gmail.com
JWT ROLE = USER
Hibernate: 
    select
        li1_0.id,
        li1_0.category,
        li1_0.description,
        li1_0.image_public_id,
        li1_0.image_url,
        li1_0.item_name,
        li1_0.location,
        li1_0.lost_date,
        li1_0.status,
        li1_0.user_id 
    from
        lost_items li1_0
JWT EMAIL = arunmn55@gmail.com
JWT ROLE = USER
Hibernate: 
    select
        li1_0.id,
        li1_0.category,
        li1_0.description,
        li1_0.image_public_id,
        li1_0.image_url,
        li1_0.item_name,
        li1_0.location,
        li1_0.lost_date,
        li1_0.status,
        li1_0.user_id 
    from
        lost_items li1_0
JWT EMAIL = arunmn55@gmail.com
JWT ROLE = USER
Hibernate: 
    select
        li1_0.id,
        li1_0.category,
        li1_0.description,
        li1_0.image_public_id,
        li1_0.image_url,
        li1_0.item_name,
        li1_0.location,
        li1_0.lost_date,
        li1_0.status,
        li1_0.user_id 
    from
        lost_items li1_0
JWT EMAIL = arunmn55@gmail.com
JWT ROLE = USER
Hibernate: 
    select
        li1_0.id,
        li1_0.category,
        li1_0.description,
        li1_0.image_public_id,
        li1_0.image_url,
        li1_0.item_name,
        li1_0.location,
        li1_0.lost_date,
        li1_0.status,
        li1_0.user_id 
    from
        lost_items li1_0
JWT EMAIL = arunmn55@gmail.com
JWT ROLE = USER
Hibernate: 
    select
        li1_0.id,
        li1_0.category,
        li1_0.description,
        li1_0.image_public_id,
        li1_0.image_url,
        li1_0.item_name,
        li1_0.location,
        li1_0.lost_date,
        li1_0.status,
        li1_0.user_id 
    from
        lost_items li1_0
JWT EMAIL = arunmn55@gmail.com
JWT ROLE = USER
Hibernate: 
    select
        li1_0.id,
        li1_0.category,
        li1_0.description,
        li1_0.image_public_id,
        li1_0.image_url,
        li1_0.item_name,
        li1_0.location,
        li1_0.lost_date,
        li1_0.status,
        li1_0.user_id 
    from
        lost_items li1_0
JWT EMAIL = arunmn55@gmail.com
JWT ROLE = USER
Hibernate: 
    select
        li1_0.id,
        li1_0.category,
        li1_0.description,
        li1_0.image_public_id,
        li1_0.image_url,
        li1_0.item_name,
        li1_0.location,
        li1_0.lost_date,
        li1_0.status,
        li1_0.user_id 
    from
        lost_items li1_0
JWT EMAIL = arunmn55@gmail.com
JWT ROLE = USER
Hibernate: 
    select
        li1_0.id,
        li1_0.category,
        li1_0.description,
        li1_0.image_public_id,
        li1_0.image_url,
        li1_0.item_name,
        li1_0.location,
        li1_0.lost_date,
        li1_0.status,
        li1_0.user_id 
    from
        lost_items li1_0
JWT EMAIL = arunmn55@gmail.com
JWT ROLE = USER
Hibernate: 
    select
        li1_0.id,
        li1_0.category,
        li1_0.description,
        li1_0.image_public_id,
        li1_0.image_url,
        li1_0.item_name,
        li1_0.location,
        li1_0.lost_date,
        li1_0.status,
        li1_0.user_id 
    from
        lost_items li1_0
JWT EMAIL = arunmn@gmail.com
JWT ROLE = USER
Hibernate: 
    select
        li1_0.id,
        li1_0.category,
        li1_0.description,
        li1_0.image_public_id,
        li1_0.image_url,
        li1_0.item_name,
        li1_0.location,
        li1_0.lost_date,
        li1_0.status,
        li1_0.user_id 
    from
        lost_items li1_0
JWT EMAIL = arunmn@gmail.com
JWT ROLE = USER
Hibernate: 
    select
        li1_0.id,
        li1_0.category,
        li1_0.description,
        li1_0.image_public_id,
        li1_0.image_url,
        li1_0.item_name,
        li1_0.location,
        li1_0.lost_date,
        li1_0.status,
        li1_0.user_id 
    from
        lost_items li1_0
JWT EMAIL = arunmn@gmail.com
JWT ROLE = USER
Hibernate: 
    select
        li1_0.id,
        li1_0.category,
        li1_0.description,
        li1_0.image_public_id,
        li1_0.image_url,
        li1_0.item_name,
        li1_0.location,
        li1_0.lost_date,
        li1_0.status,
        li1_0.user_id 
    from
        lost_items li1_0
JWT EMAIL = arunmn@gmail.com
JWT ROLE = USER
Hibernate: 
    select
        li1_0.id,
        li1_0.category,
        li1_0.description,
        li1_0.image_public_id,
        li1_0.image_url,
        li1_0.item_name,
        li1_0.location,
        li1_0.lost_date,
        li1_0.status,
        li1_0.user_id 
    from
        lost_items li1_0
JWT EMAIL = arunmn@gmail.com
JWT ROLE = USER
Hibernate: 
    select
        li1_0.id,
        li1_0.category,
        li1_0.description,
        li1_0.image_public_id,
        li1_0.image_url,
        li1_0.item_name,
        li1_0.location,
        li1_0.lost_date,
        li1_0.status,
        li1_0.user_id 
    from
        lost_items li1_0
JWT EMAIL = arunmn@gmail.com
JWT ROLE = USER
Hibernate: 
    select
        li1_0.id,
        li1_0.category,
        li1_0.description,
        li1_0.image_public_id,
        li1_0.image_url,
        li1_0.item_name,
        li1_0.location,
        li1_0.lost_date,
        li1_0.status,
        li1_0.user_id 
    from
        lost_items li1_0
JWT EMAIL = arunmn@gmail.com
JWT ROLE = USER
Hibernate: 
    select
        li1_0.id,
        li1_0.category,
        li1_0.description,
        li1_0.image_public_id,
        li1_0.image_url,
        li1_0.item_name,
        li1_0.location,
        li1_0.lost_date,
        li1_0.status,
        li1_0.user_id 
    from
        lost_items li1_0
JWT EMAIL = arunmn@gmail.com
JWT ROLE = USER
Hibernate: 
    select
        li1_0.id,
        li1_0.category,
        li1_0.description,
        li1_0.image_public_id,
        li1_0.image_url,
        li1_0.item_name,
        li1_0.location,
        li1_0.lost_date,
        li1_0.status,
        li1_0.user_id 
    from
        lost_items li1_0 
    where
        li1_0.id=?
JWT EMAIL = arunmn@gmail.com
JWT ROLE = USER
Hibernate: 
    select
        li1_0.id,
        li1_0.category,
        li1_0.description,
        li1_0.image_public_id,
        li1_0.image_url,
        li1_0.item_name,
        li1_0.location,
        li1_0.lost_date,
        li1_0.status,
        li1_0.user_id 
    from
        lost_items li1_0 
    where
        li1_0.id=?
JWT EMAIL = arunmn@gmail.com
JWT ROLE = USER
Hibernate: 
    select
        li1_0.id,
        li1_0.category,
        li1_0.description,
        li1_0.image_public_id,
        li1_0.image_url,
        li1_0.item_name,
        li1_0.location,
        li1_0.lost_date,
        li1_0.status,
        li1_0.user_id 
    from
        lost_items li1_0
JWT EMAIL = arunmn@gmail.com
JWT ROLE = USER
Hibernate: 
    select
        li1_0.id,
        li1_0.category,
        li1_0.description,
        li1_0.image_public_id,
        li1_0.image_url,
        li1_0.item_name,
        li1_0.location,
        li1_0.lost_date,
        li1_0.status,
        li1_0.user_id 
    from
        lost_items li1_0
JWT EMAIL = arunmn@gmail.com
JWT ROLE = USER
Hibernate: 
    select
        li1_0.id,
        li1_0.category,
        li1_0.description,
        li1_0.image_public_id,
        li1_0.image_url,
        li1_0.item_name,
        li1_0.location,
        li1_0.lost_date,
        li1_0.status,
        li1_0.user_id 
    from
        lost_items li1_0 
    where
        li1_0.id=?
JWT EMAIL = arunmn@gmail.com
JWT ROLE = USER
Hibernate: 
    select
        li1_0.id,
        li1_0.category,
        li1_0.description,
        li1_0.image_public_id,
        li1_0.image_url,
        li1_0.item_name,
        li1_0.location,
        li1_0.lost_date,
        li1_0.status,
        li1_0.user_id 
    from
        lost_items li1_0 
    where
        li1_0.id=?
JWT EMAIL = arunmn@gmail.com
JWT ROLE = USER
Hibernate: 
    select
        li1_0.id,
        li1_0.category,
        li1_0.description,
        li1_0.image_public_id,
        li1_0.image_url,
        li1_0.item_name,
        li1_0.location,
        li1_0.lost_date,
        li1_0.status,
        li1_0.user_id 
    from
        lost_items li1_0
JWT EMAIL = arunmn@gmail.com
JWT ROLE = USER
Hibernate: 
    select
        li1_0.id,
        li1_0.category,
        li1_0.description,
        li1_0.image_public_id,
        li1_0.image_url,
        li1_0.item_name,
        li1_0.location,
        li1_0.lost_date,
        li1_0.status,
        li1_0.user_id 
    from
        lost_items li1_0
JWT EMAIL = arunmn@gmail.com
JWT ROLE = USER
Hibernate: 
    select
        li1_0.id,
        li1_0.category,
        li1_0.description,
        li1_0.image_public_id,
        li1_0.image_url,
        li1_0.item_name,
        li1_0.location,
        li1_0.lost_date,
        li1_0.status,
        li1_0.user_id 
    from
        lost_items li1_0
JWT EMAIL = arunmn@gmail.com
JWT ROLE = USER
Hibernate: 
    select
        li1_0.id,
        li1_0.category,
        li1_0.description,
        li1_0.image_public_id,
        li1_0.image_url,
        li1_0.item_name,
        li1_0.location,
        li1_0.lost_date,
        li1_0.status,
        li1_0.user_id 
    from
        lost_items li1_0
JWT EMAIL = arunmn@gmail.com
JWT ROLE = USER
Hibernate: 
    select
        li1_0.id,
        li1_0.category,
        li1_0.description,
        li1_0.image_public_id,
        li1_0.image_url,
        li1_0.item_name,
        li1_0.location,
        li1_0.lost_date,
        li1_0.status,
        li1_0.user_id 
    from
        lost_items li1_0
JWT EMAIL = arunmn@gmail.com
JWT ROLE = USER
Hibernate: 
    select
        li1_0.id,
        li1_0.category,
        li1_0.description,
        li1_0.image_public_id,
        li1_0.image_url,
        li1_0.item_name,
        li1_0.location,
        li1_0.lost_date,
        li1_0.status,
        li1_0.user_id 
    from
        lost_items li1_0
JWT EMAIL = arunmn@gmail.com
JWT ROLE = USER
Hibernate: 
    select
        li1_0.id,
        li1_0.category,
        li1_0.description,
        li1_0.image_public_id,
        li1_0.image_url,
        li1_0.item_name,
        li1_0.location,
        li1_0.lost_date,
        li1_0.status,
        li1_0.user_id 
    from
        lost_items li1_0
JWT EMAIL = arunmn@gmail.com
JWT ROLE = USER
Hibernate: 
    select
        li1_0.id,
        li1_0.category,
        li1_0.description,
        li1_0.image_public_id,
        li1_0.image_url,
        li1_0.item_name,
        li1_0.location,
        li1_0.lost_date,
        li1_0.status,
        li1_0.user_id 
    from
        lost_items li1_0
JWT EMAIL = arunmn@gmail.com
JWT ROLE = USER
Hibernate: 
    select
        li1_0.id,
        li1_0.category,
        li1_0.description,
        li1_0.image_public_id,
        li1_0.image_url,
        li1_0.item_name,
        li1_0.location,
        li1_0.lost_date,
        li1_0.status,
        li1_0.user_id 
    from
        lost_items li1_0
JWT EMAIL = arunmn@gmail.com
JWT ROLE = USER
Hibernate: 
    select
        li1_0.id,
        li1_0.category,
        li1_0.description,
        li1_0.image_public_id,
        li1_0.image_url,
        li1_0.item_name,
        li1_0.location,
        li1_0.lost_date,
        li1_0.status,
        li1_0.user_id 
    from
        lost_items li1_0
JWT EMAIL = arunmn@gmail.com
JWT ROLE = USER
Hibernate: 
    select
        li1_0.id,
        li1_0.category,
        li1_0.description,
        li1_0.image_public_id,
        li1_0.image_url,
        li1_0.item_name,
        li1_0.location,
        li1_0.lost_date,
        li1_0.status,
        li1_0.user_id 
    from
        lost_items li1_0
JWT EMAIL = arunmn@gmail.com
JWT ROLE = USER
Hibernate: 
    select
        li1_0.id,
        li1_0.category,
        li1_0.description,
        li1_0.image_public_id,
        li1_0.image_url,
        li1_0.item_name,
        li1_0.location,
        li1_0.lost_date,
        li1_0.status,
        li1_0.user_id 
    from
        lost_items li1_0
JWT EMAIL = arunmn@gmail.com
JWT ROLE = USER
Hibernate: 
    select
        li1_0.id,
        li1_0.category,
        li1_0.description,
        li1_0.image_public_id,
        li1_0.image_url,
        li1_0.item_name,
        li1_0.location,
        li1_0.lost_date,
        li1_0.status,
        li1_0.user_id 
    from
        lost_items li1_0
JWT EMAIL = arunmn@gmail.com
JWT ROLE = USER
Hibernate: 
    select
        li1_0.id,
        li1_0.category,
        li1_0.description,
        li1_0.image_public_id,
        li1_0.image_url,
        li1_0.item_name,
        li1_0.location,
        li1_0.lost_date,
        li1_0.status,
        li1_0.user_id 
    from
        lost_items li1_0
JWT EMAIL = arunmn@gmail.com
JWT ROLE = USER
Hibernate: 
    select
        li1_0.id,
        li1_0.category,
        li1_0.description,
        li1_0.image_public_id,
        li1_0.image_url,
        li1_0.item_name,
        li1_0.location,
        li1_0.lost_date,
        li1_0.status,
        li1_0.user_id 
    from
        lost_items li1_0
JWT EMAIL = arunmn@gmail.com
JWT ROLE = USER
Hibernate: 
    select
        li1_0.id,
        li1_0.category,
        li1_0.description,
        li1_0.image_public_id,
        li1_0.image_url,
        li1_0.item_name,
        li1_0.location,
        li1_0.lost_date,
        li1_0.status,
        li1_0.user_id 
    from
        lost_items li1_0
JWT EMAIL = arunmn@gmail.com
JWT ROLE = USER
Hibernate: 
    select
        li1_0.id,
        li1_0.category,
        li1_0.description,
        li1_0.image_public_id,
        li1_0.image_url,
        li1_0.item_name,
        li1_0.location,
        li1_0.lost_date,
        li1_0.status,
        li1_0.user_id 
    from
        lost_items li1_0
JWT EMAIL = arunmn@gmail.com
JWT ROLE = USER
Hibernate: 
    select
        li1_0.id,
        li1_0.category,
        li1_0.description,
        li1_0.image_public_id,
        li1_0.image_url,
        li1_0.item_name,
        li1_0.location,
        li1_0.lost_date,
        li1_0.status,
        li1_0.user_id 
    from
        lost_items li1_0
JWT EMAIL = arunmn@gmail.com
JWT ROLE = USER
Hibernate: 
    select
        li1_0.id,
        li1_0.category,
        li1_0.description,
        li1_0.image_public_id,
        li1_0.image_url,
        li1_0.item_name,
        li1_0.location,
        li1_0.lost_date,
        li1_0.status,
        li1_0.user_id 
    from
        lost_items li1_0
JWT EMAIL = arunmn@gmail.com
JWT ROLE = USER
Hibernate: 
    select
        li1_0.id,
        li1_0.category,
        li1_0.description,
        li1_0.image_public_id,
        li1_0.image_url,
        li1_0.item_name,
        li1_0.location,
        li1_0.lost_date,
        li1_0.status,
        li1_0.user_id 
    from
        lost_items li1_0
